// Jest Snapshot v1, https://goo.gl/fbAQLP

exports[`Test retrieval of Tabs props object 1`] = `
Object {
  "backgroundColor": "inherit",
  "borderColor": "inherit",
  "borderWidth": "none",
  "children": null,
  "className": "",
  "color": "inherit",
  "contentEditable": false,
  "direction": "right",
  "disabled": false,
  "focus": false,
  "id": "",
  "location": "top",
  "maxTabs": 5,
  "noclose": false,
  "noedit": false,
  "nohover": false,
  "nonavigation": false,
  "noripple": false,
  "onSelect": [Function],
  "selected": false,
  "sizing": "normal",
  "style": Object {},
  "visible": true,
}
`;
