// Jest Snapshot v1, https://goo.gl/fbAQLP

exports[`Test creation of a default DialogWindow control 1`] = `
<Wrapper
  backgroundColor={null}
  border={null}
  borderColor={null}
  bottom={null}
  className="test-class"
  color={null}
  controlled={true}
  direction="right"
  disabled={false}
  err={null}
  errorMessage={null}
  focus={false}
  height="600px"
  icon="plane"
  id={null}
  left={null}
  location="none"
  maxHeight={null}
  maxWidth={null}
  minHeight={null}
  minWidth={null}
  noborder={false}
  noedit={false}
  nohover={false}
  notheme={false}
  notooltip={false}
  obj="DialogWindow"
  onClose={[Function]}
  onError={[Function]}
  onOpen={[Function]}
  padding={null}
  reset={false}
  ripple={false}
  selected={false}
  show={true}
  sizing="normal"
  style={Object {}}
  testing={true}
  theme={null}
  title="Demo Dialog Window"
  tooltip={null}
  top={null}
  visible={true}
  width="600px"
  xcss={null}
>
  <Modal
    ariaHideApp={false}
    bodyOpenClassName="ReactModal__Body--open"
    closeTimeoutMS={0}
    contentLabel="Demo Dialog Window"
    isOpen={true}
    onAfterOpen={[Function]}
    onRequestClose={[Function]}
    parentSelector={[Function]}
    portalClassName="ReactModalPortal"
    role="dialog"
    shouldCloseOnEsc={true}
    shouldCloseOnOverlayClick={false}
    shouldFocusAfterRender={true}
    shouldReturnFocusAfterClose={true}
    style={
      Object {
        "content": Object {
          "borderRadius": "0",
          "bottom": "auto",
          "left": "50%",
          "padding": "0",
          "right": "auto",
          "top": "50%",
          "transform": "translate(-50%, -50%)",
        },
      }
    }
  >
    <DialogWindow__DialogWindowView
      backgroundColor={null}
      border={null}
      borderColor={null}
      bottom={null}
      className="ui-dialogwindow test-class"
      color={null}
      controlled={true}
      direction="right"
      disabled={false}
      err={null}
      errorMessage={null}
      focus={false}
      height="600px"
      icon="plane"
      id={null}
      left={null}
      location="none"
      maxHeight={null}
      maxWidth={null}
      minHeight={null}
      minWidth={null}
      noborder={false}
      noedit={false}
      nohover={false}
      notheme={false}
      notooltip={false}
      obj="DialogWindow"
      onClose={[Function]}
      onOpen={[Function]}
      padding={null}
      ripple={false}
      selected={false}
      show={true}
      sizing="normal"
      style={Object {}}
      testing={true}
      theme={null}
      title="Demo Dialog Window"
      tooltip={null}
      top={null}
      visible={true}
      width="600px"
      xcss={null}
    >
      <DialogWindow__ItemView
        backgroundColor={null}
        border={null}
        borderColor={null}
        bottom={null}
        className="test-class"
        color={null}
        controlled={true}
        direction="right"
        disabled={false}
        err={null}
        errorMessage={null}
        focus={false}
        height="600px"
        icon="plane"
        id={null}
        left={null}
        leftButton={
          <Icon
            backgroundColor={null}
            border={null}
            borderColor={null}
            bottom={null}
            className={null}
            color={null}
            controlled={true}
            direction="right"
            disabled={false}
            err={null}
            errorMessage={null}
            focus={false}
            height={null}
            iconName="plane"
            id={null}
            imageFile=""
            left={null}
            location="none"
            maxHeight={null}
            maxWidth={null}
            minHeight={null}
            minWidth={null}
            noborder={false}
            noedit={false}
            nohover={false}
            notheme={false}
            notooltip={false}
            obj="Icon"
            padding={null}
            ripple={false}
            selected={false}
            sizing="normal"
            style={Object {}}
            testing={true}
            theme={null}
            tooltip={null}
            top={null}
            visible={true}
            width={null}
            xcss={null}
          />
        }
        location="none"
        maxHeight={null}
        maxWidth={null}
        minHeight={null}
        minWidth={null}
        noborder={false}
        noedit={false}
        nohover={true}
        noripple={true}
        notheme={false}
        notooltip={false}
        obj="DialogWindow"
        onClose={[Function]}
        onOpen={[Function]}
        padding={null}
        rightButton={
          <ForwardRef
            iconName="times"
            onClick={[Function]}
          />
        }
        ripple={false}
        selected={false}
        show={true}
        sizing="normal"
        style={Object {}}
        testing={true}
        theme={null}
        title="Demo Dialog Window"
        tooltip={null}
        top={null}
        visible={true}
        width="600px"
        xcss={null}
      >
        <span>
          Dialog Content
        </span>
      </DialogWindow__ItemView>
      <DialogWindow__DialogWindowContent
        className="ui-dialogwindow-content"
      >
        <span>
          Dialog Content
        </span>
      </DialogWindow__DialogWindowContent>
    </DialogWindow__DialogWindowView>
  </Modal>
</Wrapper>
`;

exports[`Test retrieval of DialogWindow props object 1`] = `
Object {
  "backgroundColor": null,
  "border": null,
  "borderColor": null,
  "bottom": null,
  "children": null,
  "className": null,
  "color": null,
  "controlled": true,
  "direction": "right",
  "disabled": false,
  "err": null,
  "errorMessage": null,
  "focus": false,
  "height": "400px",
  "icon": "window-restore",
  "id": null,
  "left": null,
  "location": "none",
  "maxHeight": null,
  "maxWidth": null,
  "minHeight": null,
  "minWidth": null,
  "noborder": false,
  "noedit": false,
  "nohover": false,
  "notheme": false,
  "notooltip": false,
  "obj": "DialogWindow",
  "onClose": [Function],
  "onOpen": [Function],
  "padding": null,
  "ripple": false,
  "selected": false,
  "show": false,
  "sizing": "normal",
  "style": Object {},
  "testing": true,
  "theme": null,
  "title": "Dialog Window",
  "tooltip": null,
  "top": null,
  "visible": true,
  "width": "400px",
  "xcss": null,
}
`;

exports[`Test retrieval of DialogWindow props object 2`] = `
Object {
  "children": null,
  "icon": null,
  "showModal": false,
  "sizing": "normal",
  "style": Object {},
}
`;
