// Jest Snapshot v1, https://goo.gl/fbAQLP

exports[`Test creation of a Pager control 1`] = `
<div
  className="ui-pager pager normal test-class"
>
  <Button
    backgroundColor="inherit"
    borderColor="inherit"
    borderWidth="none"
    className="pagerButton normalBox"
    color="inherit"
    contentEditable={false}
    direction="right"
    disabled={false}
    focus={false}
    height=""
    iconName="angle-double-left"
    iconStyle=""
    id=""
    initialPage={1}
    initialPageSize={25}
    location="none"
    noedit={false}
    nohover={false}
    noripple={false}
    onChangePageSize={[Function]}
    onClick={[Function]}
    onSelect={[Function]}
    onSort={null}
    pageSizes={
      Array [
        25,
        50,
        100,
      ]
    }
    pagesToDisplay={3}
    selected={false}
    sizing="normal"
    style={Object {}}
    totalItems={0}
    useinput={false}
    visible={true}
    width=""
  />
  <Button
    backgroundColor="inherit"
    borderColor="inherit"
    borderWidth="none"
    className="pagerButton normalBox"
    color="inherit"
    contentEditable={false}
    direction="right"
    disabled={false}
    focus={false}
    height=""
    iconName="angle-left"
    iconStyle=""
    id=""
    initialPage={1}
    initialPageSize={25}
    location="none"
    noedit={false}
    nohover={false}
    noripple={false}
    onChangePageSize={[Function]}
    onClick={[Function]}
    onSelect={[Function]}
    onSort={null}
    pageSizes={
      Array [
        25,
        50,
        100,
      ]
    }
    pagesToDisplay={3}
    selected={false}
    sizing="normal"
    style={Object {}}
    totalItems={0}
    useinput={false}
    visible={true}
    width=""
  />
  <ButtonText
    backgroundColor="inherit"
    borderColor="inherit"
    borderWidth="none"
    className="pagerButton normalBox ui-pager-selected"
    color="inherit"
    contentEditable={false}
    direction="right"
    disabled={false}
    focus={false}
    height=""
    iconName="bomb"
    id=""
    imageFile=""
    initialPage={1}
    initialPageSize={25}
    justify={1}
    location="none"
    noedit={false}
    nohover={false}
    noicon={true}
    noripple={false}
    onChangePageSize={[Function]}
    onClick={[Function]}
    onSelect={[Function]}
    onSort={null}
    pageSizes={
      Array [
        25,
        50,
        100,
      ]
    }
    pagesToDisplay={3}
    selected={false}
    sizing="normal"
    style={Object {}}
    text="1"
    totalItems={0}
    useinput={false}
    visible={true}
    width=""
  />
  <ButtonText
    backgroundColor="inherit"
    borderColor="inherit"
    borderWidth="none"
    className="pagerButton normalBox"
    color="inherit"
    contentEditable={false}
    direction="right"
    disabled={true}
    focus={false}
    height=""
    iconName="bomb"
    id=""
    imageFile=""
    initialPage={1}
    initialPageSize={25}
    justify={1}
    location="none"
    noedit={false}
    nohover={false}
    noicon={true}
    noripple={false}
    onChangePageSize={[Function]}
    onClick={[Function]}
    onSelect={[Function]}
    onSort={null}
    pageSizes={
      Array [
        25,
        50,
        100,
      ]
    }
    pagesToDisplay={3}
    selected={false}
    sizing="normal"
    style={Object {}}
    text=""
    totalItems={0}
    useinput={false}
    visible={true}
    width=""
  />
  <ButtonText
    backgroundColor="inherit"
    borderColor="inherit"
    borderWidth="none"
    className="pagerButton normalBox"
    color="inherit"
    contentEditable={false}
    direction="right"
    disabled={true}
    focus={false}
    height=""
    iconName="bomb"
    id=""
    imageFile=""
    initialPage={1}
    initialPageSize={25}
    justify={1}
    location="none"
    noedit={false}
    nohover={false}
    noicon={true}
    noripple={false}
    onChangePageSize={[Function]}
    onClick={[Function]}
    onSelect={[Function]}
    onSort={null}
    pageSizes={
      Array [
        25,
        50,
        100,
      ]
    }
    pagesToDisplay={3}
    selected={false}
    sizing="normal"
    style={Object {}}
    text=""
    totalItems={0}
    useinput={false}
    visible={true}
    width=""
  />
  <Button
    backgroundColor="inherit"
    borderColor="inherit"
    borderWidth="none"
    className="pagerButton normalBox"
    color="inherit"
    contentEditable={false}
    direction="right"
    disabled={false}
    focus={false}
    height=""
    iconName="angle-right"
    iconStyle=""
    id=""
    initialPage={1}
    initialPageSize={25}
    location="none"
    noedit={false}
    nohover={false}
    noripple={false}
    onChangePageSize={[Function]}
    onClick={[Function]}
    onSelect={[Function]}
    onSort={null}
    pageSizes={
      Array [
        25,
        50,
        100,
      ]
    }
    pagesToDisplay={3}
    selected={false}
    sizing="normal"
    style={Object {}}
    totalItems={0}
    useinput={false}
    visible={true}
    width=""
  />
  <Button
    backgroundColor="inherit"
    borderColor="inherit"
    borderWidth="none"
    className="pagerButton normalBox"
    color="inherit"
    contentEditable={false}
    direction="right"
    disabled={false}
    focus={false}
    height=""
    iconName="angle-double-right"
    iconStyle=""
    id=""
    initialPage={1}
    initialPageSize={25}
    location="none"
    noedit={false}
    nohover={false}
    noripple={false}
    onChangePageSize={[Function]}
    onClick={[Function]}
    onSelect={[Function]}
    onSort={null}
    pageSizes={
      Array [
        25,
        50,
        100,
      ]
    }
    pagesToDisplay={3}
    selected={false}
    sizing="normal"
    style={Object {}}
    totalItems={0}
    useinput={false}
    visible={true}
    width=""
  />
  <div
    className="spacer"
  />
  <div
    className="spacer"
  />
  <ButtonDialog
    backgroundColor="inherit"
    borderColor="inherit"
    borderWidth="none"
    className="pagerDialog"
    color="inherit"
    contentEditable={false}
    dialogClasses={Array []}
    direction="right"
    disabled={false}
    focus={false}
    height=""
    iconName="ellipsis-v"
    iconStyle=""
    id=""
    initialPage={1}
    initialPageSize={25}
    location="top"
    noedit={false}
    nohover={false}
    noripple={false}
    notriangle={true}
    onChangePageSize={[Function]}
    onClick={[Function]}
    onSelect={[Function]}
    onSort={null}
    pageSizes={
      Array [
        25,
        50,
        100,
      ]
    }
    pagesToDisplay={3}
    selected={false}
    sizing="normal"
    style={Object {}}
    totalItems={0}
    triangleClasses={Array []}
    useinput={false}
    visible={true}
    width=""
  >
    <List
      alternating={false}
      backgroundColor="inherit"
      borderColor="inherit"
      borderWidth="none"
      className=""
      color="inherit"
      contentEditable={false}
      direction="right"
      disabled={false}
      focus={false}
      height=""
      id=""
      location="none"
      noedit={false}
      nohover={false}
      noripple={false}
      onAdd={[Function]}
      selected={false}
      sizing="normal"
      style={Object {}}
      unselect={false}
      visible={true}
      width=""
    >
      <ListItem
        backgroundColor="inherit"
        borderColor="inherit"
        borderWidth="none"
        className="test-class"
        color="inherit"
        contentEditable={false}
        direction="right"
        disabled={false}
        focus={false}
        height=""
        hiddenLeftButton={false}
        hiddenRightButton={false}
        href={
          Object {
            "selectHandler": [Function],
            "sizing": "normal",
          }
        }
        id=""
        initialPage={1}
        initialPageSize={25}
        layout={5}
        leftButton={
          <Icon
            backgroundColor="inherit"
            borderColor="inherit"
            borderWidth="none"
            className=""
            color="inherit"
            contentEditable={false}
            direction="right"
            disabled={false}
            focus={false}
            height=""
            iconName=""
            id=""
            imageFile=""
            location="none"
            noedit={false}
            nohover={false}
            noripple={false}
            selected={false}
            sizing="normal"
            style={Object {}}
            visible={true}
            width=""
          />
        }
        location="none"
        noedit={true}
        nohover={false}
        noripple={false}
        onBlur={[Function]}
        onChange={[Function]}
        onChangePageSize={[Function]}
        onClick={[Function]}
        onDoubleClick={[Function]}
        onFocus={[Function]}
        onKeyDown={[Function]}
        onKeyPress={[Function]}
        onMouseOut={[Function]}
        onSelect={[Function]}
        onSort={null}
        onUpdate={[Function]}
        pageSizes={
          Array [
            25,
            50,
            100,
          ]
        }
        pagesToDisplay={3}
        rightButton={null}
        selected={false}
        sizing="normal"
        stacked={false}
        style={Object {}}
        title="First"
        totalItems={0}
        useedit={false}
        useinput={false}
        visible={true}
        widget={null}
        width=""
      />
      <ListItem
        backgroundColor="inherit"
        borderColor="inherit"
        borderWidth="none"
        className="test-class"
        color="inherit"
        contentEditable={false}
        direction="right"
        disabled={false}
        focus={false}
        height=""
        hiddenLeftButton={false}
        hiddenRightButton={false}
        href={
          Object {
            "selectHandler": [Function],
            "sizing": "normal",
          }
        }
        id=""
        initialPage={1}
        initialPageSize={25}
        layout={5}
        leftButton={
          <Icon
            backgroundColor="inherit"
            borderColor="inherit"
            borderWidth="none"
            className=""
            color="inherit"
            contentEditable={false}
            direction="right"
            disabled={false}
            focus={false}
            height=""
            iconName=""
            id=""
            imageFile=""
            location="none"
            noedit={false}
            nohover={false}
            noripple={false}
            selected={false}
            sizing="normal"
            style={Object {}}
            visible={true}
            width=""
          />
        }
        location="none"
        noedit={true}
        nohover={false}
        noripple={false}
        onBlur={[Function]}
        onChange={[Function]}
        onChangePageSize={[Function]}
        onClick={[Function]}
        onDoubleClick={[Function]}
        onFocus={[Function]}
        onKeyDown={[Function]}
        onKeyPress={[Function]}
        onMouseOut={[Function]}
        onSelect={[Function]}
        onSort={null}
        onUpdate={[Function]}
        pageSizes={
          Array [
            25,
            50,
            100,
          ]
        }
        pagesToDisplay={3}
        rightButton={null}
        selected={false}
        sizing="normal"
        stacked={false}
        style={Object {}}
        title="Last"
        totalItems={0}
        useedit={false}
        useinput={false}
        visible={true}
        widget={null}
        width=""
      />
      <ListItem
        backgroundColor="inherit"
        borderColor="inherit"
        borderWidth="none"
        className="test-class"
        color="inherit"
        contentEditable={false}
        direction="right"
        disabled={false}
        focus={false}
        height=""
        hiddenLeftButton={false}
        hiddenRightButton={false}
        href={
          Object {
            "selectHandler": [Function],
            "sizing": "normal",
          }
        }
        id=""
        initialPage={1}
        initialPageSize={25}
        layout={5}
        leftButton={
          <Icon
            backgroundColor="inherit"
            borderColor="inherit"
            borderWidth="none"
            className=""
            color="inherit"
            contentEditable={false}
            direction="right"
            disabled={false}
            focus={false}
            height=""
            iconName=""
            id=""
            imageFile=""
            location="none"
            noedit={false}
            nohover={false}
            noripple={false}
            selected={false}
            sizing="normal"
            style={Object {}}
            visible={true}
            width=""
          />
        }
        location="none"
        noedit={true}
        nohover={false}
        noripple={false}
        onBlur={[Function]}
        onChange={[Function]}
        onChangePageSize={[Function]}
        onClick={[Function]}
        onDoubleClick={[Function]}
        onFocus={[Function]}
        onKeyDown={[Function]}
        onKeyPress={[Function]}
        onMouseOut={[Function]}
        onSelect={[Function]}
        onSort={null}
        onUpdate={[Function]}
        pageSizes={
          Array [
            25,
            50,
            100,
          ]
        }
        pagesToDisplay={3}
        rightButton={null}
        selected={false}
        sizing="normal"
        stacked={false}
        style={Object {}}
        title="Next"
        totalItems={0}
        useedit={false}
        useinput={false}
        visible={true}
        widget={null}
        width=""
      />
      <ListItem
        backgroundColor="inherit"
        borderColor="inherit"
        borderWidth="none"
        className="test-class"
        color="inherit"
        contentEditable={false}
        direction="right"
        disabled={false}
        focus={false}
        height=""
        hiddenLeftButton={false}
        hiddenRightButton={false}
        href={
          Object {
            "selectHandler": [Function],
            "sizing": "normal",
          }
        }
        id=""
        initialPage={1}
        initialPageSize={25}
        layout={5}
        leftButton={
          <Icon
            backgroundColor="inherit"
            borderColor="inherit"
            borderWidth="none"
            className=""
            color="inherit"
            contentEditable={false}
            direction="right"
            disabled={false}
            focus={false}
            height=""
            iconName=""
            id=""
            imageFile=""
            location="none"
            noedit={false}
            nohover={false}
            noripple={false}
            selected={false}
            sizing="normal"
            style={Object {}}
            visible={true}
            width=""
          />
        }
        location="none"
        noedit={true}
        nohover={false}
        noripple={false}
        onBlur={[Function]}
        onChange={[Function]}
        onChangePageSize={[Function]}
        onClick={[Function]}
        onDoubleClick={[Function]}
        onFocus={[Function]}
        onKeyDown={[Function]}
        onKeyPress={[Function]}
        onMouseOut={[Function]}
        onSelect={[Function]}
        onSort={null}
        onUpdate={[Function]}
        pageSizes={
          Array [
            25,
            50,
            100,
          ]
        }
        pagesToDisplay={3}
        rightButton={null}
        selected={false}
        sizing="normal"
        stacked={false}
        style={Object {}}
        title="Previous"
        totalItems={0}
        useedit={false}
        useinput={false}
        visible={true}
        widget={null}
        width=""
      />
      <ListDivider
        backgroundColor="inherit"
        borderColor="inherit"
        borderWidth="none"
        className=""
        color="lightgray"
        contentEditable={false}
        direction="right"
        disabled={false}
        focus={false}
        height=""
        hiddenLeftButton={false}
        hiddenRightButton={false}
        id=""
        layout={5}
        leftButton={null}
        location="none"
        noedit={false}
        nohover={false}
        noripple={false}
        onBlur={[Function]}
        onChange={[Function]}
        onClick={[Function]}
        onDoubleClick={[Function]}
        onFocus={[Function]}
        onKeyDown={[Function]}
        onKeyPress={[Function]}
        onMouseOut={[Function]}
        onUpdate={[Function]}
        rightButton={null}
        selected={false}
        sizing="normal"
        stacked={false}
        style={Object {}}
        title=""
        useedit={false}
        visible={true}
        widget={null}
        width=""
      />
      <ListItem
        backgroundColor="inherit"
        borderColor="inherit"
        borderWidth="none"
        className="test-class"
        color="inherit"
        contentEditable={false}
        direction="right"
        disabled={false}
        focus={false}
        height=""
        hiddenLeftButton={false}
        hiddenRightButton={false}
        href={
          Object {
            "selectHandler": [Function],
            "sizing": "normal",
          }
        }
        id=""
        initialPage={1}
        initialPageSize={25}
        layout={5}
        leftButton={
          <Icon
            backgroundColor="inherit"
            borderColor="inherit"
            borderWidth="none"
            className=""
            color="green"
            contentEditable={false}
            direction="right"
            disabled={false}
            focus={false}
            height=""
            iconName="check"
            id=""
            imageFile=""
            location="none"
            noedit={false}
            nohover={false}
            noripple={false}
            selected={false}
            sizing="normal"
            style={Object {}}
            visible={true}
            width=""
          />
        }
        location="none"
        noedit={true}
        nohover={false}
        noripple={false}
        onBlur={[Function]}
        onChange={[Function]}
        onChangePageSize={[Function]}
        onClick={[Function]}
        onDoubleClick={[Function]}
        onFocus={[Function]}
        onKeyDown={[Function]}
        onKeyPress={[Function]}
        onMouseOut={[Function]}
        onSelect={[Function]}
        onSort={null}
        onUpdate={[Function]}
        pageSizes={
          Array [
            25,
            50,
            100,
          ]
        }
        pagesToDisplay={3}
        rightButton={null}
        selected={false}
        sizing="normal"
        stacked={false}
        style={Object {}}
        title="25"
        totalItems={0}
        useedit={false}
        useinput={false}
        visible={true}
        widget={null}
        width=""
      />
      <ListItem
        backgroundColor="inherit"
        borderColor="inherit"
        borderWidth="none"
        className="test-class"
        color="inherit"
        contentEditable={false}
        direction="right"
        disabled={false}
        focus={false}
        height=""
        hiddenLeftButton={false}
        hiddenRightButton={false}
        href={
          Object {
            "selectHandler": [Function],
            "sizing": "normal",
          }
        }
        id=""
        initialPage={1}
        initialPageSize={25}
        layout={5}
        leftButton={
          <Icon
            backgroundColor="inherit"
            borderColor="inherit"
            borderWidth="none"
            className=""
            color="inherit"
            contentEditable={false}
            direction="right"
            disabled={false}
            focus={false}
            height=""
            iconName=""
            id=""
            imageFile=""
            location="none"
            noedit={false}
            nohover={false}
            noripple={false}
            selected={false}
            sizing="normal"
            style={Object {}}
            visible={true}
            width=""
          />
        }
        location="none"
        noedit={true}
        nohover={false}
        noripple={false}
        onBlur={[Function]}
        onChange={[Function]}
        onChangePageSize={[Function]}
        onClick={[Function]}
        onDoubleClick={[Function]}
        onFocus={[Function]}
        onKeyDown={[Function]}
        onKeyPress={[Function]}
        onMouseOut={[Function]}
        onSelect={[Function]}
        onSort={null}
        onUpdate={[Function]}
        pageSizes={
          Array [
            25,
            50,
            100,
          ]
        }
        pagesToDisplay={3}
        rightButton={null}
        selected={false}
        sizing="normal"
        stacked={false}
        style={Object {}}
        title="50"
        totalItems={0}
        useedit={false}
        useinput={false}
        visible={true}
        widget={null}
        width=""
      />
      <ListItem
        backgroundColor="inherit"
        borderColor="inherit"
        borderWidth="none"
        className="test-class"
        color="inherit"
        contentEditable={false}
        direction="right"
        disabled={false}
        focus={false}
        height=""
        hiddenLeftButton={false}
        hiddenRightButton={false}
        href={
          Object {
            "selectHandler": [Function],
            "sizing": "normal",
          }
        }
        id=""
        initialPage={1}
        initialPageSize={25}
        layout={5}
        leftButton={
          <Icon
            backgroundColor="inherit"
            borderColor="inherit"
            borderWidth="none"
            className=""
            color="inherit"
            contentEditable={false}
            direction="right"
            disabled={false}
            focus={false}
            height=""
            iconName=""
            id=""
            imageFile=""
            location="none"
            noedit={false}
            nohover={false}
            noripple={false}
            selected={false}
            sizing="normal"
            style={Object {}}
            visible={true}
            width=""
          />
        }
        location="none"
        noedit={true}
        nohover={false}
        noripple={false}
        onBlur={[Function]}
        onChange={[Function]}
        onChangePageSize={[Function]}
        onClick={[Function]}
        onDoubleClick={[Function]}
        onFocus={[Function]}
        onKeyDown={[Function]}
        onKeyPress={[Function]}
        onMouseOut={[Function]}
        onSelect={[Function]}
        onSort={null}
        onUpdate={[Function]}
        pageSizes={
          Array [
            25,
            50,
            100,
          ]
        }
        pagesToDisplay={3}
        rightButton={null}
        selected={false}
        sizing="normal"
        stacked={false}
        style={Object {}}
        title="100"
        totalItems={0}
        useedit={false}
        useinput={false}
        visible={true}
        widget={null}
        width=""
      />
      <ListItem
        backgroundColor="inherit"
        borderColor="inherit"
        borderWidth="none"
        className="test-class"
        color="inherit"
        contentEditable={false}
        direction="right"
        disabled={false}
        focus={false}
        height=""
        hiddenLeftButton={false}
        hiddenRightButton={false}
        href={
          Object {
            "selectHandler": [Function],
            "sizing": "normal",
          }
        }
        id=""
        initialPage={1}
        initialPageSize={25}
        layout={5}
        leftButton={
          <Icon
            backgroundColor="inherit"
            borderColor="inherit"
            borderWidth="none"
            className=""
            color="inherit"
            contentEditable={false}
            direction="right"
            disabled={false}
            focus={false}
            height=""
            iconName=""
            id=""
            imageFile=""
            location="none"
            noedit={false}
            nohover={false}
            noripple={false}
            selected={false}
            sizing="normal"
            style={Object {}}
            visible={true}
            width=""
          />
        }
        location="none"
        noedit={true}
        nohover={false}
        noripple={false}
        onBlur={[Function]}
        onChange={[Function]}
        onChangePageSize={[Function]}
        onClick={[Function]}
        onDoubleClick={[Function]}
        onFocus={[Function]}
        onKeyDown={[Function]}
        onKeyPress={[Function]}
        onMouseOut={[Function]}
        onSelect={[Function]}
        onSort={null}
        onUpdate={[Function]}
        pageSizes={
          Array [
            25,
            50,
            100,
          ]
        }
        pagesToDisplay={3}
        rightButton={null}
        selected={false}
        sizing="normal"
        stacked={false}
        style={Object {}}
        title="all"
        totalItems={0}
        useedit={false}
        useinput={false}
        visible={true}
        widget={null}
        width=""
      />
    </List>
  </ButtonDialog>
</div>
`;

exports[`Test retrieval of Pager props object 1`] = `
Object {
  "backgroundColor": "inherit",
  "borderColor": "inherit",
  "borderWidth": "none",
  "className": "",
  "color": "inherit",
  "contentEditable": false,
  "direction": "right",
  "disabled": false,
  "focus": false,
  "height": "",
  "id": "",
  "initialPage": 1,
  "initialPageSize": 25,
  "location": "none",
  "noedit": false,
  "nohover": false,
  "noripple": false,
  "onChangePageSize": [Function],
  "onSelect": [Function],
  "onSort": null,
  "pageSizes": Array [
    25,
    50,
    100,
  ],
  "pagesToDisplay": 3,
  "selected": false,
  "sizing": "normal",
  "style": Object {},
  "totalItems": 0,
  "useinput": false,
  "visible": true,
  "width": "",
}
`;
