// Jest Snapshot v1, https://goo.gl/fbAQLP

exports[`Test the creation of a Accordion control container 1`] = `
<ul
  className="ui-accordion accordion test-class"
  style={Object {}}
>
  <li>
    some list item
  </li>
</ul>
`;
