// Jest Snapshot v1, https://goo.gl/fbAQLP

exports[`Creation of the OptionGroup control 1`] = `
<ThemeProvider
  theme={
    Object {
      "backgroundColor": "#ffffff",
      "borderColor": "#c0c0c0",
      "color": "#000000",
      "headerBackgroundColor": "#004358",
      "headerForegroundColor": "#ffffff",
      "headerHoverColor": "#ffe11a",
      "hoverColor": "#c0c0c0",
      "inputBorderColor": "#c0c0c0",
      "selectedBackgroundColor": "#1f8a70",
      "selectedForegroundColor": "#ffe11a",
      "tooltipBackgroundColor": "#708090",
      "tooltipForegroundColor": "#ffffff",
      "transitionDelay": "0.5s",
    }
  }
>
  <styled.div
    className="ui-option-group test-class"
  >
    <Styled(Title)
      className="ui-option-group-title"
      layout={6}
      noedit={true}
      noripple={true}
      title="test options"
    />
    <Styled(Option)
      key="option1"
      onClick={[Function]}
      optionType={0}
      selected={true}
      text="option1"
    />
    <Styled(Option)
      key="option2"
      onClick={[Function]}
      optionType={0}
      selected={false}
      text="option2"
    />
    <Styled(Option)
      key="option3"
      onClick={[Function]}
      optionType={0}
      selected={false}
      text="option3"
    />
  </styled.div>
</ThemeProvider>
`;

exports[`Test retrieval of OptionGroup props object 1`] = `
Object {
  "bottom": "",
  "children": null,
  "className": "",
  "contentEditable": false,
  "default": "",
  "direction": "right",
  "disabled": false,
  "errorMessage": "",
  "focus": false,
  "height": "",
  "id": "",
  "left": "",
  "location": "none",
  "noedit": false,
  "nohover": false,
  "noripple": false,
  "obj": "OptionGroup",
  "onSelect": [Function],
  "optionType": 0,
  "options": Array [],
  "padding": "",
  "selected": false,
  "sizing": "normal",
  "style": Object {},
  "testing": true,
  "theme": null,
  "title": "",
  "tooltip": "",
  "top": "",
  "visible": true,
  "width": "",
  "xcss": null,
}
`;
