// Jest Snapshot v1, https://goo.gl/fbAQLP

exports[`Test creation of an inny type Switch 1`] = `
<Wrapper
  backgroundColor={null}
  border={null}
  borderColor={null}
  bottom={null}
  className={null}
  color={null}
  controlled={true}
  direction="right"
  disabled={false}
  err={null}
  errorMessage={null}
  focus={false}
  height={null}
  hidden={false}
  id={null}
  initialToggle={true}
  innyScale={0.6}
  left={null}
  location="none"
  maxHeight={null}
  maxWidth={null}
  minHeight={null}
  minWidth={null}
  name="Switch"
  noborder={false}
  noedit={false}
  nohover={false}
  nopropagation={false}
  notheme={false}
  notooltip={false}
  onClick={[Function]}
  onError={[Function]}
  outyScale={1.25}
  padding={null}
  reset={false}
  ripple={false}
  selected={false}
  sizing="normal"
  sliderScale={1.25}
  style={Object {}}
  switchType={0}
  testing={true}
  theme={
    Object {
      "backgroundColor": "#ffffff",
      "borderColor": "#c0c0c0",
      "buttonColor": "#666666",
      "chevronColor": "#cccccc",
      "color": "#000000",
      "fontFamily": "OpenSans, Georgia, serif",
      "headerBackgroundColor": "#004358",
      "headerForegroundColor": "#ffffff",
      "headerHoverColor": "#ffe11a",
      "hoverColor": "#c0c0c0",
      "inputBorderColor": "#c0c0c0",
      "itemHoverColor": "#bedb39",
      "outlineColor": "#51cbee",
      "searchFocus": "#51cbee",
      "searchMatch": "#fd7400",
      "selectedBackgroundColor": "#1f8a70",
      "selectedForegroundColor": "#ffe11a",
      "titleBarBackgroundColor": "#004358",
      "titleBarForegroundColor": "#ffe11a",
      "tooltipBackgroundColor": "#708090",
      "tooltipForegroundColor": "#ffffff",
      "transitionDelay": "0.33s",
    }
  }
  tooltip={null}
  top={null}
  visible={true}
  width={null}
  xcss={null}
>
  <Switch__SliderContainerView
    className="ui-switch"
    height="20px"
    style={Object {}}
  >
    <Switch__SliderView
      backgroundColor={null}
      border={null}
      borderColor={null}
      bottom={null}
      className="ui-switch-slider ui-slider-on"
      color={null}
      controlled={true}
      direction="right"
      disabled={false}
      err={null}
      errorMessage={null}
      focus={false}
      height={null}
      hidden={false}
      id={null}
      initialToggle={true}
      innyScale={0.6}
      left={null}
      location="none"
      maxHeight={null}
      maxWidth={null}
      minHeight={null}
      minWidth={null}
      noborder={false}
      noedit={false}
      nohover={false}
      nopropagation={false}
      notheme={false}
      notooltip={false}
      onClick={[Function]}
      outyScale={1.25}
      padding={null}
      ripple={false}
      selected={false}
      sizing="normal"
      sliderScale={1.25}
      style={
        Object {
          "backgroundColor": "#5cb85c",
        }
      }
      switchType={0}
      testing={true}
      theme={
        Object {
          "backgroundColor": "#ffffff",
          "borderColor": "#c0c0c0",
          "buttonColor": "#666666",
          "chevronColor": "#cccccc",
          "color": "#000000",
          "fontFamily": "OpenSans, Georgia, serif",
          "headerBackgroundColor": "#004358",
          "headerForegroundColor": "#ffffff",
          "headerHoverColor": "#ffe11a",
          "hoverColor": "#c0c0c0",
          "inputBorderColor": "#c0c0c0",
          "itemHoverColor": "#bedb39",
          "outlineColor": "#51cbee",
          "searchFocus": "#51cbee",
          "searchMatch": "#fd7400",
          "selectedBackgroundColor": "#1f8a70",
          "selectedForegroundColor": "#ffe11a",
          "titleBarBackgroundColor": "#004358",
          "titleBarForegroundColor": "#ffe11a",
          "tooltipBackgroundColor": "#708090",
          "tooltipForegroundColor": "#ffffff",
          "transitionDelay": "0.33s",
        }
      }
      tooltip={null}
      top={null}
      visible={true}
      width={null}
      xcss={null}
    >
      <Switch__StyledButton
        className="ui-switch-button"
        height="9.6px"
        onClick={[Function]}
        style={
          Object {
            "left": "5%",
          }
        }
        width="9.6px"
      />
    </Switch__SliderView>
  </Switch__SliderContainerView>
</Wrapper>
`;

exports[`Test creation of an outy type Switch 1`] = `
<Wrapper
  backgroundColor={null}
  border={null}
  borderColor={null}
  bottom={null}
  className={null}
  color={null}
  controlled={true}
  direction="right"
  disabled={false}
  err={null}
  errorMessage={null}
  focus={false}
  height={null}
  hidden={false}
  id={null}
  initialToggle={true}
  innyScale={0.6}
  left={null}
  location="none"
  maxHeight={null}
  maxWidth={null}
  minHeight={null}
  minWidth={null}
  name="Switch"
  noborder={false}
  noedit={false}
  nohover={false}
  nopropagation={false}
  notheme={false}
  notooltip={false}
  onClick={[Function]}
  onError={[Function]}
  outyScale={1.25}
  padding={null}
  reset={false}
  ripple={false}
  selected={false}
  sizing="normal"
  sliderScale={1.25}
  style={Object {}}
  switchType={1}
  testing={true}
  theme={
    Object {
      "backgroundColor": "#ffffff",
      "borderColor": "#c0c0c0",
      "buttonColor": "#666666",
      "chevronColor": "#cccccc",
      "color": "#000000",
      "fontFamily": "OpenSans, Georgia, serif",
      "headerBackgroundColor": "#004358",
      "headerForegroundColor": "#ffffff",
      "headerHoverColor": "#ffe11a",
      "hoverColor": "#c0c0c0",
      "inputBorderColor": "#c0c0c0",
      "itemHoverColor": "#bedb39",
      "outlineColor": "#51cbee",
      "searchFocus": "#51cbee",
      "searchMatch": "#fd7400",
      "selectedBackgroundColor": "#1f8a70",
      "selectedForegroundColor": "#ffe11a",
      "titleBarBackgroundColor": "#004358",
      "titleBarForegroundColor": "#ffe11a",
      "tooltipBackgroundColor": "#708090",
      "tooltipForegroundColor": "#ffffff",
      "transitionDelay": "0.33s",
    }
  }
  tooltip={null}
  top={null}
  visible={true}
  width={null}
  xcss={null}
>
  <Switch__SliderContainerView
    className="ui-switch"
    height="20px"
    style={Object {}}
  >
    <Switch__SliderView
      backgroundColor={null}
      border={null}
      borderColor={null}
      bottom={null}
      className="ui-switch-slider ui-slider-on"
      color={null}
      controlled={true}
      direction="right"
      disabled={false}
      err={null}
      errorMessage={null}
      focus={false}
      height={null}
      hidden={false}
      id={null}
      initialToggle={true}
      innyScale={0.6}
      left={null}
      location="none"
      maxHeight={null}
      maxWidth={null}
      minHeight={null}
      minWidth={null}
      noborder={false}
      noedit={false}
      nohover={false}
      nopropagation={false}
      notheme={false}
      notooltip={false}
      onClick={[Function]}
      outyScale={1.25}
      padding={null}
      ripple={false}
      selected={false}
      sizing="normal"
      sliderScale={1.25}
      style={
        Object {
          "backgroundColor": "#5cb85c",
        }
      }
      switchType={1}
      testing={true}
      theme={
        Object {
          "backgroundColor": "#ffffff",
          "borderColor": "#c0c0c0",
          "buttonColor": "#666666",
          "chevronColor": "#cccccc",
          "color": "#000000",
          "fontFamily": "OpenSans, Georgia, serif",
          "headerBackgroundColor": "#004358",
          "headerForegroundColor": "#ffffff",
          "headerHoverColor": "#ffe11a",
          "hoverColor": "#c0c0c0",
          "inputBorderColor": "#c0c0c0",
          "itemHoverColor": "#bedb39",
          "outlineColor": "#51cbee",
          "searchFocus": "#51cbee",
          "searchMatch": "#fd7400",
          "selectedBackgroundColor": "#1f8a70",
          "selectedForegroundColor": "#ffe11a",
          "titleBarBackgroundColor": "#004358",
          "titleBarForegroundColor": "#ffe11a",
          "tooltipBackgroundColor": "#708090",
          "tooltipForegroundColor": "#ffffff",
          "transitionDelay": "0.33s",
        }
      }
      tooltip={null}
      top={null}
      visible={true}
      width={null}
      xcss={null}
    >
      <Switch__StyledButton
        className="ui-switch-button"
        height="20px"
        onClick={[Function]}
        style={
          Object {
            "left": "-15%",
          }
        }
        width="20px"
      />
    </Switch__SliderView>
  </Switch__SliderContainerView>
</Wrapper>
`;

exports[`Test disabling of the Switch control 1`] = `
<Switch
  backgroundColor={null}
  border={null}
  borderColor={null}
  bottom={null}
  className={null}
  color={null}
  controlled={true}
  direction="right"
  disabled={true}
  err={null}
  errorMessage={null}
  focus={false}
  height={null}
  hidden={false}
  id={null}
  initialToggle={false}
  innyScale={0.6}
  left={null}
  location="none"
  maxHeight={null}
  maxWidth={null}
  minHeight={null}
  minWidth={null}
  noborder={false}
  noedit={false}
  nohover={false}
  nopropagation={false}
  notheme={false}
  notooltip={false}
  onClick={[Function]}
  outyScale={1.25}
  padding={null}
  ripple={false}
  selected={false}
  sizing="normal"
  sliderScale={1.25}
  style={Object {}}
  switchType={1}
  testing={true}
  theme={
    Object {
      "backgroundColor": "#ffffff",
      "borderColor": "#c0c0c0",
      "buttonColor": "#666666",
      "chevronColor": "#cccccc",
      "color": "#000000",
      "fontFamily": "OpenSans, Georgia, serif",
      "headerBackgroundColor": "#004358",
      "headerForegroundColor": "#ffffff",
      "headerHoverColor": "#ffe11a",
      "hoverColor": "#c0c0c0",
      "inputBorderColor": "#c0c0c0",
      "itemHoverColor": "#bedb39",
      "outlineColor": "#51cbee",
      "searchFocus": "#51cbee",
      "searchMatch": "#fd7400",
      "selectedBackgroundColor": "#1f8a70",
      "selectedForegroundColor": "#ffe11a",
      "titleBarBackgroundColor": "#004358",
      "titleBarForegroundColor": "#ffe11a",
      "tooltipBackgroundColor": "#708090",
      "tooltipForegroundColor": "#ffffff",
      "transitionDelay": "0.33s",
    }
  }
  tooltip={null}
  top={null}
  visible={true}
  width={null}
  xcss={null}
/>
`;

exports[`Test making the Switch control invisible 1`] = `
<Switch
  backgroundColor={null}
  border={null}
  borderColor={null}
  bottom={null}
  className={null}
  color={null}
  controlled={true}
  direction="right"
  disabled={false}
  err={null}
  errorMessage={null}
  focus={false}
  height={null}
  hidden={false}
  id={null}
  initialToggle={false}
  innyScale={0.6}
  left={null}
  location="none"
  maxHeight={null}
  maxWidth={null}
  minHeight={null}
  minWidth={null}
  noborder={false}
  noedit={false}
  nohover={false}
  nopropagation={false}
  notheme={false}
  notooltip={false}
  onClick={[Function]}
  outyScale={1.25}
  padding={null}
  ripple={false}
  selected={false}
  sizing="normal"
  sliderScale={1.25}
  style={Object {}}
  switchType={1}
  testing={true}
  theme={
    Object {
      "backgroundColor": "#ffffff",
      "borderColor": "#c0c0c0",
      "buttonColor": "#666666",
      "chevronColor": "#cccccc",
      "color": "#000000",
      "fontFamily": "OpenSans, Georgia, serif",
      "headerBackgroundColor": "#004358",
      "headerForegroundColor": "#ffffff",
      "headerHoverColor": "#ffe11a",
      "hoverColor": "#c0c0c0",
      "inputBorderColor": "#c0c0c0",
      "itemHoverColor": "#bedb39",
      "outlineColor": "#51cbee",
      "searchFocus": "#51cbee",
      "searchMatch": "#fd7400",
      "selectedBackgroundColor": "#1f8a70",
      "selectedForegroundColor": "#ffe11a",
      "titleBarBackgroundColor": "#004358",
      "titleBarForegroundColor": "#ffe11a",
      "tooltipBackgroundColor": "#708090",
      "tooltipForegroundColor": "#ffffff",
      "transitionDelay": "0.33s",
    }
  }
  tooltip={null}
  top={null}
  visible={false}
  width={null}
  xcss={null}
/>
`;

exports[`Test the click handler on the Switch control 1`] = `
<Wrapper
  backgroundColor={null}
  border={null}
  borderColor={null}
  bottom={null}
  className={null}
  color={null}
  controlled={true}
  direction="right"
  disabled={false}
  err={null}
  errorMessage={null}
  focus={false}
  height={null}
  hidden={false}
  id={null}
  initialToggle={false}
  innyScale={0.6}
  left={null}
  location="none"
  maxHeight={null}
  maxWidth={null}
  minHeight={null}
  minWidth={null}
  name="Switch"
  noborder={false}
  noedit={false}
  nohover={false}
  nopropagation={false}
  notheme={false}
  notooltip={false}
  onClick={[MockFunction]}
  onError={[Function]}
  outyScale={1.25}
  padding={null}
  reset={false}
  ripple={false}
  selected={false}
  sizing="normal"
  sliderScale={1.25}
  style={Object {}}
  switchType={1}
  testing={true}
  theme={
    Object {
      "backgroundColor": "#ffffff",
      "borderColor": "#c0c0c0",
      "buttonColor": "#666666",
      "chevronColor": "#cccccc",
      "color": "#000000",
      "fontFamily": "OpenSans, Georgia, serif",
      "headerBackgroundColor": "#004358",
      "headerForegroundColor": "#ffffff",
      "headerHoverColor": "#ffe11a",
      "hoverColor": "#c0c0c0",
      "inputBorderColor": "#c0c0c0",
      "itemHoverColor": "#bedb39",
      "outlineColor": "#51cbee",
      "searchFocus": "#51cbee",
      "searchMatch": "#fd7400",
      "selectedBackgroundColor": "#1f8a70",
      "selectedForegroundColor": "#ffe11a",
      "titleBarBackgroundColor": "#004358",
      "titleBarForegroundColor": "#ffe11a",
      "tooltipBackgroundColor": "#708090",
      "tooltipForegroundColor": "#ffffff",
      "transitionDelay": "0.33s",
    }
  }
  tooltip={null}
  top={null}
  visible={true}
  width={null}
  xcss={null}
>
  <Switch__SliderContainerView
    className="ui-switch"
    height="20px"
    style={Object {}}
  >
    <Switch__SliderView
      backgroundColor={null}
      border={null}
      borderColor={null}
      bottom={null}
      className="ui-switch-slider ui-slider-off"
      color={null}
      controlled={true}
      direction="right"
      disabled={false}
      err={null}
      errorMessage={null}
      focus={false}
      height={null}
      hidden={false}
      id={null}
      initialToggle={false}
      innyScale={0.6}
      left={null}
      location="none"
      maxHeight={null}
      maxWidth={null}
      minHeight={null}
      minWidth={null}
      noborder={false}
      noedit={false}
      nohover={false}
      nopropagation={false}
      notheme={false}
      notooltip={false}
      onClick={[Function]}
      outyScale={1.25}
      padding={null}
      ripple={false}
      selected={false}
      sizing="normal"
      sliderScale={1.25}
      style={
        Object {
          "backgroundColor": "#d9534f",
        }
      }
      switchType={1}
      testing={true}
      theme={
        Object {
          "backgroundColor": "#ffffff",
          "borderColor": "#c0c0c0",
          "buttonColor": "#666666",
          "chevronColor": "#cccccc",
          "color": "#000000",
          "fontFamily": "OpenSans, Georgia, serif",
          "headerBackgroundColor": "#004358",
          "headerForegroundColor": "#ffffff",
          "headerHoverColor": "#ffe11a",
          "hoverColor": "#c0c0c0",
          "inputBorderColor": "#c0c0c0",
          "itemHoverColor": "#bedb39",
          "outlineColor": "#51cbee",
          "searchFocus": "#51cbee",
          "searchMatch": "#fd7400",
          "selectedBackgroundColor": "#1f8a70",
          "selectedForegroundColor": "#ffe11a",
          "titleBarBackgroundColor": "#004358",
          "titleBarForegroundColor": "#ffe11a",
          "tooltipBackgroundColor": "#708090",
          "tooltipForegroundColor": "#ffffff",
          "transitionDelay": "0.33s",
        }
      }
      tooltip={null}
      top={null}
      visible={true}
      width={null}
      xcss={null}
    >
      <Switch__StyledButton
        className="ui-switch-button"
        height="20px"
        onClick={[Function]}
        style={
          Object {
            "left": "45%",
          }
        }
        width="20px"
      />
    </Switch__SliderView>
  </Switch__SliderContainerView>
</Wrapper>
`;
