// Jest Snapshot v1, https://goo.gl/fbAQLP

exports[`Test creation of the default validator object 1`] = `
Validator {
  "_failure": "",
  "_success": "",
  "validate": [Function],
}
`;
