// Jest Snapshot v1, https://goo.gl/fbAQLP

exports[`Test retrieval of DialogWindow props object 1`] = `
Object {
  "bottom": "",
  "children": null,
  "className": "",
  "contentEditable": false,
  "controlled": true,
  "direction": "right",
  "disabled": false,
  "err": null,
  "errorMessage": "",
  "focus": false,
  "height": "",
  "icon": "bomb",
  "id": "",
  "left": "",
  "location": "none",
  "noedit": false,
  "nohover": false,
  "noripple": false,
  "obj": "DialogWindow",
  "onClose": [Function],
  "onOpen": [Function],
  "padding": "",
  "selected": false,
  "show": false,
  "sizing": "normal",
  "style": Object {},
  "testing": true,
  "theme": null,
  "title": "Dialog Window",
  "tooltip": "",
  "top": "",
  "visible": true,
  "width": "",
  "xcss": null,
}
`;
