// Jest Snapshot v1, https://goo.gl/fbAQLP

exports[`Create a simple TextArea widget 1`] = `
<TextArea
  backgroundColor={null}
  border={null}
  borderColor={null}
  bottom={null}
  className={null}
  color={null}
  controlled={true}
  direction="right"
  disabled={false}
  err={null}
  errorMessage={null}
  focus={false}
  height={null}
  hidden={false}
  id={null}
  left={null}
  location="none"
  maxHeight={null}
  maxWidth={null}
  minHeight={null}
  minWidth={null}
  noborder={false}
  noedit={false}
  nohover={false}
  nopropagation={false}
  notheme={false}
  notooltip={false}
  onChange={[Function]}
  onUpdate={[Function]}
  padding="4px"
  ripple={false}
  rows={10}
  selected={false}
  sizing="normal"
  style={Object {}}
  testing={true}
  theme={
    Object {
      "backgroundColor": "#ffffff",
      "borderColor": "#c0c0c0",
      "buttonColor": "#666666",
      "chevronColor": "#cccccc",
      "color": "#000000",
      "fontFamily": "OpenSans, Georgia, serif",
      "headerBackgroundColor": "#004358",
      "headerForegroundColor": "#ffffff",
      "headerHoverColor": "#ffe11a",
      "hoverColor": "#c0c0c0",
      "inputBorderColor": "#c0c0c0",
      "itemAlternatingColor": "#e6e6e6",
      "itemHoverColor": "#bedb39",
      "outlineColor": "#51cbee",
      "searchFocus": "#51cbee",
      "searchMatch": "#fd7400",
      "selectedBackgroundColor": "#1f8a70",
      "selectedForegroundColor": "#ffe11a",
      "titleBarBackgroundColor": "#004358",
      "titleBarForegroundColor": "#ffe11a",
      "tooltipBackgroundColor": "#708090",
      "tooltipForegroundColor": "#ffffff",
      "transitionDelay": "0.33s",
    }
  }
  tooltip={null}
  top={null}
  updateDelay={150}
  value="some text"
  visible={true}
  width={null}
  xcss={null}
/>
`;
