// Jest Snapshot v1, https://goo.gl/fbAQLP

exports[`Test disabling of a Tab 1`] = `
<Tab
  backgroundColor={null}
  border={null}
  borderColor={null}
  bottom={null}
  className={null}
  color={null}
  controlled={true}
  direction="right"
  disabled={true}
  err={null}
  errorMessage={null}
  focus={false}
  height={null}
  hidden={false}
  href={
    Object {
      "selectHandler": [MockFunction],
    }
  }
  id={null}
  left={null}
  location="none"
  maxHeight={null}
  maxWidth={null}
  minHeight={null}
  minWidth="120px"
  noborder={false}
  noclose={false}
  noedit={false}
  nohover={false}
  nopropagation={false}
  notheme={false}
  notooltip={false}
  obj="Tab"
  onClick={[Function]}
  onClose={[Function]}
  orientation="top"
  padding={null}
  ripple={false}
  selected={false}
  sizing="normal"
  style={Object {}}
  testing={true}
  theme={
    Object {
      "backgroundColor": "#ffffff",
      "borderColor": "#c0c0c0",
      "buttonColor": "#666666",
      "chevronColor": "#cccccc",
      "color": "#000000",
      "fontFamily": "OpenSans, Georgia, serif",
      "headerBackgroundColor": "#004358",
      "headerForegroundColor": "#ffffff",
      "headerHoverColor": "#ffe11a",
      "hoverColor": "#c0c0c0",
      "inputBorderColor": "#c0c0c0",
      "itemHoverColor": "#bedb39",
      "outlineColor": "#51cbee",
      "searchFocus": "#51cbee",
      "searchMatch": "#fd7400",
      "selectedBackgroundColor": "#1f8a70",
      "selectedForegroundColor": "#ffe11a",
      "titleBarBackgroundColor": "#004358",
      "titleBarForegroundColor": "#ffe11a",
      "tooltipBackgroundColor": "#708090",
      "tooltipForegroundColor": "#ffffff",
      "transitionDelay": "0.33s",
    }
  }
  title="tab title"
  tooltip={null}
  top={null}
  visible={true}
  width={null}
  xcss={null}
/>
`;

exports[`Test making a Tab invisible 1`] = `
<Tab
  backgroundColor={null}
  border={null}
  borderColor={null}
  bottom={null}
  className={null}
  color={null}
  controlled={true}
  direction="right"
  disabled={false}
  err={null}
  errorMessage={null}
  focus={false}
  height={null}
  hidden={false}
  href={
    Object {
      "selectHandler": [Function],
    }
  }
  id={null}
  left={null}
  location="none"
  maxHeight={null}
  maxWidth={null}
  minHeight={null}
  minWidth="120px"
  noborder={false}
  noclose={false}
  noedit={false}
  nohover={false}
  nopropagation={false}
  notheme={false}
  notooltip={false}
  obj="Tab"
  onClick={[Function]}
  onClose={[Function]}
  orientation="top"
  padding={null}
  ripple={false}
  selected={false}
  sizing="normal"
  style={Object {}}
  testing={true}
  theme={
    Object {
      "backgroundColor": "#ffffff",
      "borderColor": "#c0c0c0",
      "buttonColor": "#666666",
      "chevronColor": "#cccccc",
      "color": "#000000",
      "fontFamily": "OpenSans, Georgia, serif",
      "headerBackgroundColor": "#004358",
      "headerForegroundColor": "#ffffff",
      "headerHoverColor": "#ffe11a",
      "hoverColor": "#c0c0c0",
      "inputBorderColor": "#c0c0c0",
      "itemHoverColor": "#bedb39",
      "outlineColor": "#51cbee",
      "searchFocus": "#51cbee",
      "searchMatch": "#fd7400",
      "selectedBackgroundColor": "#1f8a70",
      "selectedForegroundColor": "#ffe11a",
      "titleBarBackgroundColor": "#004358",
      "titleBarForegroundColor": "#ffe11a",
      "tooltipBackgroundColor": "#708090",
      "tooltipForegroundColor": "#ffffff",
      "transitionDelay": "0.33s",
    }
  }
  title="tab title"
  tooltip={null}
  top={null}
  visible={false}
  width={null}
  xcss={null}
/>
`;

exports[`Test retrieval of Tab props object 1`] = `
Object {
  "backgroundColor": null,
  "border": null,
  "borderColor": null,
  "bottom": null,
  "children": null,
  "className": null,
  "color": null,
  "controlled": true,
  "direction": "right",
  "disabled": false,
  "err": null,
  "errorMessage": null,
  "focus": false,
  "height": null,
  "hidden": false,
  "href": Object {
    "selectHandler": [Function],
  },
  "id": null,
  "left": null,
  "location": "none",
  "maxHeight": null,
  "maxWidth": null,
  "minHeight": null,
  "minWidth": "120px",
  "noborder": false,
  "noclose": false,
  "noedit": false,
  "nohover": false,
  "nopropagation": false,
  "notheme": false,
  "notooltip": false,
  "obj": "Tab",
  "onClick": [Function],
  "onClose": [Function],
  "orientation": "top",
  "padding": null,
  "ripple": false,
  "selected": false,
  "sizing": "normal",
  "style": Object {},
  "testing": true,
  "theme": Object {
    "backgroundColor": "#ffffff",
    "borderColor": "#c0c0c0",
    "buttonColor": "#666666",
    "chevronColor": "#cccccc",
    "color": "#000000",
    "fontFamily": "OpenSans, Georgia, serif",
    "headerBackgroundColor": "#004358",
    "headerForegroundColor": "#ffffff",
    "headerHoverColor": "#ffe11a",
    "hoverColor": "#c0c0c0",
    "inputBorderColor": "#c0c0c0",
    "itemHoverColor": "#bedb39",
    "outlineColor": "#51cbee",
    "searchFocus": "#51cbee",
    "searchMatch": "#fd7400",
    "selectedBackgroundColor": "#1f8a70",
    "selectedForegroundColor": "#ffe11a",
    "titleBarBackgroundColor": "#004358",
    "titleBarForegroundColor": "#ffe11a",
    "tooltipBackgroundColor": "#708090",
    "tooltipForegroundColor": "#ffffff",
    "transitionDelay": "0.33s",
  },
  "title": "",
  "tooltip": null,
  "top": null,
  "visible": true,
  "width": null,
  "xcss": null,
}
`;

exports[`Test retrieval of Tab props object 2`] = `
Object {
  "children": null,
  "sizing": "normal",
  "style": Object {},
  "visible": true,
}
`;

exports[`Test the click handler in the Tab instance 1`] = `
<Tab
  backgroundColor={null}
  border={null}
  borderColor={null}
  bottom={null}
  className={null}
  color={null}
  controlled={true}
  direction="right"
  disabled={false}
  err={null}
  errorMessage={null}
  focus={false}
  height={null}
  hidden={false}
  href={
    Object {
      "selectHandler": [MockFunction],
    }
  }
  id={null}
  left={null}
  location="none"
  maxHeight={null}
  maxWidth={null}
  minHeight={null}
  minWidth="120px"
  noborder={false}
  noclose={false}
  noedit={false}
  nohover={false}
  nopropagation={false}
  notheme={false}
  notooltip={false}
  obj="Tab"
  onClick={[Function]}
  onClose={[Function]}
  orientation="top"
  padding={null}
  ripple={false}
  selected={false}
  sizing="normal"
  style={Object {}}
  testing={true}
  theme={
    Object {
      "backgroundColor": "#ffffff",
      "borderColor": "#c0c0c0",
      "buttonColor": "#666666",
      "chevronColor": "#cccccc",
      "color": "#000000",
      "fontFamily": "OpenSans, Georgia, serif",
      "headerBackgroundColor": "#004358",
      "headerForegroundColor": "#ffffff",
      "headerHoverColor": "#ffe11a",
      "hoverColor": "#c0c0c0",
      "inputBorderColor": "#c0c0c0",
      "itemHoverColor": "#bedb39",
      "outlineColor": "#51cbee",
      "searchFocus": "#51cbee",
      "searchMatch": "#fd7400",
      "selectedBackgroundColor": "#1f8a70",
      "selectedForegroundColor": "#ffe11a",
      "titleBarBackgroundColor": "#004358",
      "titleBarForegroundColor": "#ffe11a",
      "tooltipBackgroundColor": "#708090",
      "tooltipForegroundColor": "#ffffff",
      "transitionDelay": "0.33s",
    }
  }
  title="tab title"
  tooltip={null}
  top={null}
  visible={true}
  width={null}
  xcss={null}
/>
`;

exports[`Test the close click handler on a Tab instance 1`] = `
<Tab
  backgroundColor={null}
  border={null}
  borderColor={null}
  bottom={null}
  className={null}
  color={null}
  controlled={true}
  direction="right"
  disabled={false}
  err={null}
  errorMessage={null}
  focus={false}
  height={null}
  hidden={false}
  href={
    Object {
      "hiddenTabHandler": [MockFunction],
    }
  }
  id={null}
  left={null}
  location="none"
  maxHeight={null}
  maxWidth={null}
  minHeight={null}
  minWidth="120px"
  noborder={false}
  noclose={false}
  noedit={false}
  nohover={false}
  nopropagation={false}
  notheme={false}
  notooltip={false}
  obj="Tab"
  onClick={[Function]}
  onClose={[MockFunction]}
  orientation="top"
  padding={null}
  ripple={false}
  selected={false}
  sizing="normal"
  style={Object {}}
  testing={true}
  theme={
    Object {
      "backgroundColor": "#ffffff",
      "borderColor": "#c0c0c0",
      "buttonColor": "#666666",
      "chevronColor": "#cccccc",
      "color": "#000000",
      "fontFamily": "OpenSans, Georgia, serif",
      "headerBackgroundColor": "#004358",
      "headerForegroundColor": "#ffffff",
      "headerHoverColor": "#ffe11a",
      "hoverColor": "#c0c0c0",
      "inputBorderColor": "#c0c0c0",
      "itemHoverColor": "#bedb39",
      "outlineColor": "#51cbee",
      "searchFocus": "#51cbee",
      "searchMatch": "#fd7400",
      "selectedBackgroundColor": "#1f8a70",
      "selectedForegroundColor": "#ffe11a",
      "titleBarBackgroundColor": "#004358",
      "titleBarForegroundColor": "#ffe11a",
      "tooltipBackgroundColor": "#708090",
      "tooltipForegroundColor": "#ffffff",
      "transitionDelay": "0.33s",
    }
  }
  title="tab title"
  tooltip={null}
  top={null}
  visible={true}
  width={null}
  xcss={null}
/>
`;

exports[`Test the creation of a Tab instance 1`] = `
<Wrapper
  backgroundColor={null}
  border={null}
  borderColor={null}
  bottom={null}
  className={null}
  color={null}
  controlled={true}
  direction="right"
  disabled={false}
  err={null}
  errorMessage={null}
  focus={false}
  height={null}
  hidden={false}
  href={
    Object {
      "selectHandler": [Function],
    }
  }
  id={null}
  left={null}
  location="none"
  maxHeight={null}
  maxWidth={null}
  minHeight={null}
  minWidth="120px"
  noborder={false}
  noclose={false}
  noedit={false}
  nohover={false}
  nopropagation={false}
  notheme={false}
  notooltip={false}
  obj="Tab"
  onClick={[Function]}
  onClose={[Function]}
  onError={[Function]}
  orientation="top"
  padding={null}
  reset={false}
  ripple={false}
  selected={true}
  sizing="normal"
  style={Object {}}
  testing={true}
  theme={
    Object {
      "backgroundColor": "#ffffff",
      "borderColor": "#c0c0c0",
      "buttonColor": "#666666",
      "chevronColor": "#cccccc",
      "color": "#000000",
      "fontFamily": "OpenSans, Georgia, serif",
      "headerBackgroundColor": "#004358",
      "headerForegroundColor": "#ffffff",
      "headerHoverColor": "#ffe11a",
      "hoverColor": "#c0c0c0",
      "inputBorderColor": "#c0c0c0",
      "itemHoverColor": "#bedb39",
      "outlineColor": "#51cbee",
      "searchFocus": "#51cbee",
      "searchMatch": "#fd7400",
      "selectedBackgroundColor": "#1f8a70",
      "selectedForegroundColor": "#ffe11a",
      "titleBarBackgroundColor": "#004358",
      "titleBarForegroundColor": "#ffe11a",
      "tooltipBackgroundColor": "#708090",
      "tooltipForegroundColor": "#ffffff",
      "transitionDelay": "0.33s",
    }
  }
  title="tab title"
  tooltip={null}
  top={null}
  visible={true}
  width={null}
  xcss={null}
>
  <Tab__TabView
    className="ui-tab ui-selected"
    disabled={false}
    minWidth="120px"
    orientation="top"
    selected={true}
    sizing="normal"
    style={Object {}}
    visible={true}
    width={null}
  >
    <Item
      backgroundColor={null}
      border={null}
      borderColor={null}
      bottom={null}
      className={null}
      color={null}
      controlled={true}
      direction="right"
      disabled={false}
      err={null}
      errorMessage={null}
      focus={false}
      height={null}
      hidden={false}
      hiddenLeftButton={false}
      hiddenRightButton={true}
      href={
        Object {
          "selectHandler": [Function],
        }
      }
      id={null}
      layout={5}
      left={null}
      leftButton={null}
      location="none"
      maxHeight={null}
      maxWidth={null}
      minHeight={null}
      minWidth="120px"
      noborder={false}
      noclose={false}
      noedit={true}
      nohover={false}
      nopropagation={false}
      notheme={false}
      notooltip={false}
      obj="Tab"
      onBlur={[Function]}
      onChange={[Function]}
      onClick={[Function]}
      onClose={[Function]}
      onDoubleClick={[Function]}
      onFocus={[Function]}
      onKeyDown={[Function]}
      onKeyPress={[Function]}
      onMouseOut={[Function]}
      onUpdate={[Function]}
      orientation="top"
      padding={null}
      rightButton={
        <Button
          backgroundColor={null}
          border={null}
          borderColor={null}
          bottom={null}
          className={null}
          color={null}
          controlled={true}
          direction="right"
          disabled={false}
          err={null}
          errorMessage={null}
          focus={false}
          height={null}
          hidden={false}
          href={
            Object {
              "selectHandler": [Function],
            }
          }
          iconName="times"
          iconStyle=""
          id={null}
          kbActivate=""
          left={null}
          location="none"
          maxHeight={null}
          maxWidth={null}
          minHeight={null}
          minWidth="120px"
          noborder={false}
          noclose={false}
          noedit={false}
          nohover={false}
          nopropagation={false}
          notheme={false}
          notooltip={false}
          obj="Tab"
          onClick={[Function]}
          onClose={[Function]}
          orientation="top"
          padding={null}
          ripple={false}
          selected={true}
          sizing="normal"
          style={Object {}}
          testing={true}
          theme={
            Object {
              "backgroundColor": "#ffffff",
              "borderColor": "#c0c0c0",
              "buttonColor": "#666666",
              "chevronColor": "#cccccc",
              "color": "#000000",
              "fontFamily": "OpenSans, Georgia, serif",
              "headerBackgroundColor": "#004358",
              "headerForegroundColor": "#ffffff",
              "headerHoverColor": "#ffe11a",
              "hoverColor": "#c0c0c0",
              "inputBorderColor": "#c0c0c0",
              "itemHoverColor": "#bedb39",
              "outlineColor": "#51cbee",
              "searchFocus": "#51cbee",
              "searchMatch": "#fd7400",
              "selectedBackgroundColor": "#1f8a70",
              "selectedForegroundColor": "#ffe11a",
              "titleBarBackgroundColor": "#004358",
              "titleBarForegroundColor": "#ffe11a",
              "tooltipBackgroundColor": "#708090",
              "tooltipForegroundColor": "#ffffff",
              "transitionDelay": "0.33s",
            }
          }
          title="tab title"
          tooltip={null}
          top={null}
          visible={true}
          width={null}
          xcss={null}
        >
          Test content
        </Button>
      }
      ripple={false}
      selected={true}
      sizing="normal"
      stacked={false}
      style={Object {}}
      testing={true}
      theme={
        Object {
          "backgroundColor": "#ffffff",
          "borderColor": "#c0c0c0",
          "buttonColor": "#666666",
          "chevronColor": "#cccccc",
          "color": "#000000",
          "fontFamily": "OpenSans, Georgia, serif",
          "headerBackgroundColor": "#004358",
          "headerForegroundColor": "#ffffff",
          "headerHoverColor": "#ffe11a",
          "hoverColor": "#c0c0c0",
          "inputBorderColor": "#c0c0c0",
          "itemHoverColor": "#bedb39",
          "outlineColor": "#51cbee",
          "searchFocus": "#51cbee",
          "searchMatch": "#fd7400",
          "selectedBackgroundColor": "#1f8a70",
          "selectedForegroundColor": "#ffe11a",
          "titleBarBackgroundColor": "#004358",
          "titleBarForegroundColor": "#ffe11a",
          "tooltipBackgroundColor": "#708090",
          "tooltipForegroundColor": "#ffffff",
          "transitionDelay": "0.33s",
        }
      }
      title="tab title"
      tooltip={null}
      top={null}
      useedit={false}
      visible={true}
      widget={null}
      width={null}
      xcss={null}
    >
      Test content
    </Item>
  </Tab__TabView>
</Wrapper>
`;
