// Jest Snapshot v1, https://goo.gl/fbAQLP

exports[`Test retrieval of ListHeader props object 1`] = `
Object {
  "backgroundColor": null,
  "borderColor": null,
  "bottom": null,
  "children": null,
  "className": null,
  "color": null,
  "contentEditable": false,
  "controlled": true,
  "direction": "right",
  "disabled": false,
  "err": null,
  "errorMessage": null,
  "focus": false,
  "height": null,
  "hiddenLeftButton": false,
  "hiddenRightButton": false,
  "id": null,
  "layout": 5,
  "left": null,
  "leftButton": null,
  "location": "none",
  "minHeight": null,
  "minWidth": null,
  "noedit": false,
  "nohover": true,
  "noripple": false,
  "notheme": false,
  "notooltip": false,
  "obj": "ListHeader",
  "onBlur": [Function],
  "onChange": [Function],
  "onClick": [Function],
  "onDoubleClick": [Function],
  "onFocus": [Function],
  "onKeyDown": [Function],
  "onKeyPress": [Function],
  "onMouseOut": [Function],
  "onUpdate": [Function],
  "padding": null,
  "rightButton": null,
  "selected": false,
  "sizing": "normal",
  "stacked": false,
  "style": Object {},
  "testing": true,
  "theme": null,
  "title": "â€‹",
  "tooltip": null,
  "top": null,
  "useedit": false,
  "visible": true,
  "widget": null,
  "width": null,
  "xcss": null,
}
`;

exports[`Test the creation of a ListHeader control with simple title 1`] = `
<Wrapper
  backgroundColor={null}
  borderColor={null}
  bottom={null}
  className={null}
  color={null}
  contentEditable={false}
  controlled={true}
  direction="right"
  disabled={false}
  err={null}
  errorMessage={null}
  focus={false}
  height={null}
  hiddenLeftButton={false}
  hiddenRightButton={false}
  id={null}
  layout={5}
  left={null}
  leftButton={null}
  location="none"
  minHeight={null}
  minWidth={null}
  noedit={false}
  nohover={true}
  noripple={false}
  notheme={false}
  notooltip={false}
  obj="ListHeader"
  onBlur={[Function]}
  onChange={[Function]}
  onClick={[Function]}
  onDoubleClick={[Function]}
  onError={[Function]}
  onFocus={[Function]}
  onKeyDown={[Function]}
  onKeyPress={[Function]}
  onMouseOut={[Function]}
  onUpdate={[Function]}
  padding={null}
  reset={false}
  rightButton={null}
  selected={false}
  sizing="normal"
  stacked={false}
  style={Object {}}
  testing={true}
  theme={null}
  title="test title"
  tooltip={null}
  top={null}
  useedit={false}
  visible={true}
  widget={null}
  width={null}
  xcss={null}
>
  <Item
    backgroundColor={null}
    borderColor={null}
    bottom={null}
    className="ui-item nohover"
    color={null}
    contentEditable={false}
    controlled={true}
    direction="right"
    disabled={false}
    err={null}
    errorMessage={null}
    focus={false}
    height={null}
    hiddenLeftButton={false}
    hiddenRightButton={false}
    id={null}
    layout={5}
    left={null}
    leftButton={null}
    location="none"
    minHeight={null}
    minWidth={null}
    noedit={false}
    nohover={true}
    noripple={false}
    notheme={false}
    notooltip={false}
    obj="ListHeader"
    onBlur={[Function]}
    onChange={[Function]}
    onClick={[Function]}
    onDoubleClick={[Function]}
    onFocus={[Function]}
    onKeyDown={[Function]}
    onKeyPress={[Function]}
    onMouseOut={[Function]}
    onUpdate={[Function]}
    padding={null}
    rightButton={null}
    selected={false}
    sizing="normal"
    stacked={false}
    style={Object {}}
    testing={true}
    theme={null}
    title="test title"
    tooltip={null}
    top={null}
    useedit={false}
    visible={true}
    widget={null}
    width={null}
    xcss={null}
  />
</Wrapper>
`;
