// Jest Snapshot v1, https://goo.gl/fbAQLP

exports[`Test disabling of a List control 1`] = `
<Wrapper
  alternating={false}
  backgroundColor={null}
  border={null}
  borderColor={null}
  bottom={null}
  className={null}
  color={null}
  controlled={true}
  direction="right"
  disabled={true}
  err={null}
  errorMessage={null}
  focus={false}
  height={null}
  id={null}
  left={null}
  location="none"
  maxHeight={null}
  maxWidth={null}
  minHeight={null}
  minWidth={null}
  noborder={false}
  noedit={false}
  nohover={false}
  noselect={false}
  notheme={false}
  notooltip={false}
  obj="List"
  onError={[Function]}
  onSelect={[Function]}
  padding={null}
  reset={false}
  ripple={false}
  selected={false}
  sizing="normal"
  style={Object {}}
  testing={true}
  theme={null}
  tooltip={null}
  top={null}
  visible={true}
  width={null}
  xcss={null}
>
  <List__ListView
    alternating={false}
    className="ui-list nohover"
    style={Object {}}
  >
    <li
      href={
        Object {
          "selectHandler": [Function],
          "sizing": "normal",
        }
      }
      id="0"
      selected={false}
      sizing="normal"
    >
      some list item
    </li>
  </List__ListView>
</Wrapper>
`;

exports[`Test making List control invisible 1`] = `
<Wrapper
  alternating={false}
  backgroundColor={null}
  border={null}
  borderColor={null}
  bottom={null}
  className={null}
  color={null}
  controlled={true}
  direction="right"
  disabled={false}
  err={null}
  errorMessage={null}
  focus={false}
  height={null}
  id={null}
  left={null}
  location="none"
  maxHeight={null}
  maxWidth={null}
  minHeight={null}
  minWidth={null}
  noborder={false}
  noedit={false}
  nohover={false}
  noselect={false}
  notheme={false}
  notooltip={false}
  obj="List"
  onError={[Function]}
  onSelect={[Function]}
  padding={null}
  reset={false}
  ripple={false}
  selected={false}
  sizing="normal"
  style={Object {}}
  testing={true}
  theme={null}
  tooltip={null}
  top={null}
  visible={false}
  width={null}
  xcss={null}
>
  <List__ListView
    alternating={false}
    className="ui-list"
    style={Object {}}
  >
    <li
      href={
        Object {
          "selectHandler": [Function],
          "sizing": "normal",
        }
      }
      id="0"
      selected={false}
      sizing="normal"
    >
      some list item
    </li>
  </List__ListView>
</Wrapper>
`;

exports[`Test retrieval of List props object 1`] = `
Object {
  "alternating": false,
  "backgroundColor": null,
  "border": null,
  "borderColor": null,
  "bottom": null,
  "children": null,
  "className": null,
  "color": null,
  "controlled": true,
  "direction": "right",
  "disabled": false,
  "err": null,
  "errorMessage": null,
  "focus": false,
  "height": null,
  "id": null,
  "left": null,
  "location": "none",
  "maxHeight": null,
  "maxWidth": null,
  "minHeight": null,
  "minWidth": null,
  "noborder": false,
  "noedit": false,
  "nohover": false,
  "noselect": false,
  "notheme": false,
  "notooltip": false,
  "obj": "List",
  "onSelect": [Function],
  "padding": null,
  "ripple": false,
  "selected": false,
  "sizing": "normal",
  "style": Object {},
  "testing": true,
  "theme": null,
  "tooltip": null,
  "top": null,
  "visible": true,
  "width": null,
  "xcss": null,
}
`;

exports[`Test retrieval of List props object 2`] = `
Object {
  "children": null,
  "keys": null,
  "selectedItem": null,
  "sizing": "normal",
  "style": Object {},
}
`;

exports[`Test the creation of a List control container 1`] = `
<Wrapper
  alternating={true}
  backgroundColor={null}
  border={null}
  borderColor={null}
  bottom={null}
  className="test-class"
  color={null}
  controlled={true}
  direction="right"
  disabled={false}
  err={null}
  errorMessage={null}
  focus={false}
  height={null}
  id={null}
  left={null}
  location="none"
  maxHeight={null}
  maxWidth={null}
  minHeight={null}
  minWidth={null}
  noborder={false}
  noedit={false}
  nohover={false}
  noselect={false}
  notheme={false}
  notooltip={false}
  obj="List"
  onError={[Function]}
  onSelect={[Function]}
  padding={null}
  reset={false}
  ripple={false}
  selected={false}
  sizing="normal"
  style={Object {}}
  testing={true}
  theme={null}
  tooltip={null}
  top={null}
  visible={true}
  width={null}
  xcss={null}
>
  <List__ListView
    alternating={true}
    className="ui-list test-class"
    style={Object {}}
  >
    <li
      href={
        Object {
          "selectHandler": [Function],
          "sizing": "normal",
        }
      }
      id="0"
      selected={false}
      sizing="normal"
    >
      some list item
    </li>
  </List__ListView>
</Wrapper>
`;
