// Jest Snapshot v1, https://goo.gl/fbAQLP

exports[`Test creation of a Toast control 1`] = `
<Wrapper
  backgroundColor={null}
  borderColor={null}
  bottom={null}
  className="test-class"
  color={null}
  contentEditable={false}
  controlled={true}
  decay={true}
  direction="right"
  disabled={false}
  duration={3}
  err={null}
  errorMessage={null}
  focus={false}
  height={null}
  id={null}
  left={null}
  level={0}
  location="none"
  minHeight={null}
  minWidth={null}
  noedit={false}
  nohover={false}
  noripple={false}
  notheme={false}
  notooltip={false}
  obj="Toast"
  onClick={[Function]}
  onClose={[Function]}
  onError={[Function]}
  padding={null}
  reset={false}
  selected={false}
  show={false}
  sizing="normal"
  style={Object {}}
  testing={true}
  theme={null}
  tooltip={null}
  top={null}
  usebottom={false}
  visible={true}
  width={null}
  xcss={null}
>
  <Toast__ToastView
    className="ui-toast test-class"
    disabled={false}
    level={0}
    style={Object {}}
    usebottom={false}
    visible={false}
    xcss={
      Array [
        "animation:fadeOut ",
        [Function],
        ";opacity:0;z-index:-1;",
      ]
    }
  >
    <Toast__ContentView
      className="ui-toast-content"
      sizing="normal"
    >
      <span />
    </Toast__ContentView>
    <Toast__StyledButton
      iconName="times"
      onClick={[Function]}
      sizing="large"
      style={
        Object {
          "color": "white",
        }
      }
    />
  </Toast__ToastView>
</Wrapper>
`;

exports[`Test retrieval of Toast props object 1`] = `
Object {
  "backgroundColor": null,
  "borderColor": null,
  "bottom": null,
  "children": null,
  "className": null,
  "color": null,
  "contentEditable": false,
  "controlled": true,
  "decay": true,
  "direction": "right",
  "disabled": false,
  "duration": 3,
  "err": null,
  "errorMessage": null,
  "focus": false,
  "height": null,
  "id": null,
  "left": null,
  "level": 0,
  "location": "none",
  "minHeight": null,
  "minWidth": null,
  "noedit": false,
  "nohover": false,
  "noripple": false,
  "notheme": false,
  "notooltip": false,
  "obj": "Toast",
  "onClick": [Function],
  "onClose": [Function],
  "padding": null,
  "selected": false,
  "show": false,
  "sizing": "normal",
  "style": Object {},
  "testing": true,
  "theme": null,
  "tooltip": null,
  "top": null,
  "usebottom": false,
  "visible": true,
  "width": null,
  "xcss": null,
}
`;
