// Jest Snapshot v1, https://goo.gl/fbAQLP

exports[`Test retrieval of ListHeader props object 1`] = `
Object {
  "className": "",
  "contentEditable": false,
  "direction": "right",
  "disabled": false,
  "errorMessage": "",
  "focus": false,
  "height": "",
  "hiddenLeftButton": false,
  "hiddenRightButton": false,
  "href": Object {
    "sizing": "normal",
  },
  "id": "",
  "layout": 5,
  "left": "",
  "leftButton": null,
  "location": "none",
  "noedit": false,
  "nohover": true,
  "noripple": false,
  "obj": "ListHeader",
  "onBlur": [Function],
  "onChange": [Function],
  "onClick": [Function],
  "onDoubleClick": [Function],
  "onFocus": [Function],
  "onKeyDown": [Function],
  "onKeyPress": [Function],
  "onMouseOut": [Function],
  "onUpdate": [Function],
  "padding": "",
  "rightButton": null,
  "selected": false,
  "sizing": "normal",
  "stacked": false,
  "style": Object {},
  "testing": true,
  "theme": null,
  "title": "â€‹",
  "tooltip": "",
  "top": "",
  "useedit": false,
  "visible": true,
  "widget": null,
  "width": "",
  "xcss": null,
}
`;

exports[`Test the creation of a ListHeader control with simple title 1`] = `
<ThemeProvider
  theme={
    Object {
      "backgroundColor": "#ffffff",
      "borderColor": "#c0c0c0",
      "color": "#000000",
      "headerBackgroundColor": "#004358",
      "headerForegroundColor": "#ffffff",
      "headerHoverColor": "#ffe11a",
      "hoverColor": "#c0c0c0",
      "inputBorderColor": "#c0c0c0",
      "selectedBackgroundColor": "#1f8a70",
      "selectedForegroundColor": "#ffe11a",
      "tooltipBackgroundColor": "#708090",
      "tooltipForegroundColor": "#ffffff",
      "transitionDelay": "0.5s",
    }
  }
>
  <Item
    className="ui-list-header nohover"
    contentEditable={false}
    direction="right"
    disabled={false}
    errorMessage=""
    focus={false}
    height=""
    hiddenLeftButton={false}
    hiddenRightButton={false}
    href={
      Object {
        "sizing": "normal",
      }
    }
    id=""
    layout={5}
    left=""
    leftButton={null}
    location="none"
    noedit={false}
    nohover={true}
    noripple={false}
    obj="ListHeader"
    onBlur={[Function]}
    onChange={[Function]}
    onClick={[Function]}
    onDoubleClick={[Function]}
    onFocus={[Function]}
    onKeyDown={[Function]}
    onKeyPress={[Function]}
    onMouseOut={[Function]}
    onUpdate={[Function]}
    padding=""
    rightButton={null}
    selected={false}
    sizing="normal"
    stacked={false}
    style={Object {}}
    testing={true}
    theme={null}
    title="test title"
    tooltip=""
    top=""
    useedit={false}
    visible={true}
    widget={null}
    width=""
    xcss={null}
  />
</ThemeProvider>
`;
