// Jest Snapshot v1, https://goo.gl/fbAQLP

exports[`Test creation of a Select control 1`] = `
<ThemeProvider
  theme={
    Object {
      "backgroundColor": "#ffffff",
      "borderColor": "#c0c0c0",
      "color": "#000000",
      "headerBackgroundColor": "#004358",
      "headerForegroundColor": "#ffffff",
      "headerHoverColor": "#ffe11a",
      "hoverColor": "#c0c0c0",
      "inputBorderColor": "#c0c0c0",
      "tooltipBackgroundColor": "gray",
      "tooltipForegroundColor": "white",
      "transitionDelay": "0.5s",
    }
  }
>
  <Styled(Select)
    className="ui-select test-class"
    disabled={false}
    sizing="normal"
    visible={true}
  />
</ThemeProvider>
`;
